Found 7 candidates:
  func Lock()
  func TryLock() bool
  func Unlock()
  var Mutex sync.Mutex
  var data map[string][]string
  var path string
  var time int64
