Found 1 candidates:
  func NewReader(r myio.Reader) myio.Reader
