Found 5 candidates:
  func Lock()
  func TryLock() bool
  func Unlock()
  var Dummy Dummy
  var Mutex sync.Mutex
