Found 3 candidates:
  func Lock()
  func TryLock() bool
  func Unlock()
